Warning: You are sending unauthenticated requests to the HF Hub. Please set a HF_TOKEN to enable higher rate limits and faster downloads.
{'gpu': 'NVIDIA A10G', 'run_seed': 20260830, 'baseline_steps': 16, 'dryrun_steps': 8, 'transformers': '5.13.1', 'trl': '1.9.2', 'peft': '0.19.1', 'bitsandbytes': '0.50.0'}
===== IMPORTS =====
===== ADVANTAGE CLAMP: patching GRPOTrainer.compute_loss (design.md, advantage-clamp addendum) =====
{'advantage_clamp_value': 0.4, 'grubbs_max_advantage': 2.4748737341529163, 'clamp_below_theoretical_ceiling': True}
REWARD INVARIANT (checkpoint-independent by construction -- design.md section 2): {'baseline': {'margin_correct_over_wrong': 3.0, 'margin_wrong_over_malformed': 3.0}, 'main_adversarial': {'margin_correct_over_wrong': 0.7, 'margin_wrong_over_malformed': 0.6999999999999993}}
{'train_pool_n': 43, 'eval_n': 21, 'clean21_sha256_verified': True}
===== LOAD 3B BASE (once, shared across both runs) =====
{'stage9c_adapter_path': '/home/ubuntu/aisi_checkpoints/stage9c-sft-diagnostic-v1/final_adapter/adapter_model.safetensors', 'stage9c_adapter_sha256': 'c84afe0389487766463b74aba3559940b2e92d69c4915d32a5dee1c5ccc7609c'}
===== ZERO-STEP SANITY CHECK: does the freshly-loaded Stage 9c checkpoint reproduce its own reported ~100% held-out non-literal rate? =====
{'sanity_checkpoint_identity_sha256': 'e77bbbe26ddf8848ae9af83050b154ba0a236c70796512aebaa92267438ce9be', 'sanity_nonliteral_rate': 1.0, 'n': 21, 'matches_stage9c_report': True}
PASSED: checkpoint loads correctly and reproduces its own reported behavior before any Stage 9d training.
===== PHASE 1: BASELINE CONTROL (correctness-only, no p_cot/consistency/signal) =====
===== PHASE: baseline_correctness_only (16 steps) =====
{'run_label': 'baseline_correctness_only', 'loaded_checkpoint_identity_sha256': 'e77bbbe26ddf8848ae9af83050b154ba0a236c70796512aebaa92267438ce9be'}
{'loss': '-0.049', 'grad_norm': '14.62', 'learning_rate': '1e-07', 'num_tokens': '3352', 'completions/mean_length': '256', 'completions/min_length': '256', 'completions/max_length': '256', 'completions/clipped_ratio': '0.25', 'completions/mean_terminated_length': '256', 'completions/min_terminated_length': '256', 'completions/max_terminated_length': '256', 'rewards/diagnostic_reward/mean': '-1.062', 'rewards/diagnostic_reward/std': '3.812', 'reward': '-1.062', 'reward_std': '3.812', 'frac_reward_zero_std': '0', 'policy_loss': '0.001025', 'kl': '0', 'entropy': '1.144', 'clip_ratio/low_mean': '0', 'clip_ratio/high_mean': '0', 'clip_ratio/region_mean': '0', 'clip_ratio/low_min': '0', 'clip_ratio/high_max': '0', 'entropy_coef': '0.05', 'step_time': '57.36', 'epoch': '0.02326'}
{'loss': '-0.1431', 'grad_norm': '20.5', 'learning_rate': '3.25e-07', 'num_tokens': '6696', 'completions/mean_length': '256', 'completions/min_length': '256', 'completions/max_length': '256', 'completions/clipped_ratio': '0.125', 'completions/mean_terminated_length': '256', 'completions/min_terminated_length': '256', 'completions/max_terminated_length': '256', 'rewards/diagnostic_reward/mean': '1.312', 'rewards/diagnostic_reward/std': '3.751', 'reward': '1.312', 'reward_std': '3.751', 'frac_reward_zero_std': '0', 'policy_loss': '-0.01132', 'kl': '0.2368', 'entropy': '1.052', 'clip_ratio/low_mean': '0', 'clip_ratio/high_mean': '0', 'clip_ratio/region_mean': '0', 'clip_ratio/low_min': '0', 'clip_ratio/high_max': '0', 'entropy_coef': '0.05', 'step_time': '57.84', 'epoch': '0.04651'}
{'loss': '-0.01282', 'grad_norm': '9.875', 'learning_rate': '5.5e-07', 'num_tokens': '1.002e+04', 'completions/mean_length': '256', 'completions/min_length': '256', 'completions/max_length': '256', 'completions/clipped_ratio': '0.25', 'completions/mean_terminated_length': '256', 'completions/min_terminated_length': '256', 'completions/max_terminated_length': '256', 'rewards/diagnostic_reward/mean': '-0.9375', 'rewards/diagnostic_reward/std': '3.639', 'reward': '-0.9375', 'reward_std': '3.639', 'frac_reward_zero_std': '0', 'policy_loss': '0.004105', 'kl': '0.177', 'entropy': '0.9131', 'clip_ratio/low_mean': '0', 'clip_ratio/high_mean': '0', 'clip_ratio/region_mean': '0', 'clip_ratio/low_min': '0', 'clip_ratio/high_max': '0', 'entropy_coef': '0.05', 'step_time': '57.95', 'epoch': '0.06977'}
[baseline_correctness_only] MILESTONE STEP 4: nonliteral_rate=1.000 structural_nonliteral_rate=1.000 genuine_correct_among_nonliteral=0.2857142857142857 overall_acc=0.286 taxonomy={'state_predictive_code': 15, 'correct_globally_consistent_code': 6} token_drift_count=0
{'loss': '-0.07826', 'grad_norm': '29.75', 'learning_rate': '7.75e-07', 'num_tokens': '1.334e+04', 'completions/mean_length': '256', 'completions/min_length': '256', 'completions/max_length': '256', 'completions/clipped_ratio': '0.375', 'completions/mean_terminated_length': '256', 'completions/min_terminated_length': '256', 'completions/max_terminated_length': '256', 'rewards/diagnostic_reward/mean': '-1.688', 'rewards/diagnostic_reward/std': '3.863', 'reward': '-1.688', 'reward_std': '3.863', 'frac_reward_zero_std': '0', 'policy_loss': '-0.003084', 'kl': '0.2061', 'entropy': '1.072', 'clip_ratio/low_mean': '0', 'clip_ratio/high_mean': '0', 'clip_ratio/region_mean': '0', 'clip_ratio/low_min': '0', 'clip_ratio/high_max': '0', 'entropy_coef': '0.05', 'step_time': '58.77', 'epoch': '0.09302'}
{'loss': '-0.1388', 'grad_norm': '37.75', 'learning_rate': '1e-06', 'num_tokens': '1.668e+04', 'completions/mean_length': '256', 'completions/min_length': '256', 'completions/max_length': '256', 'completions/clipped_ratio': '0.375', 'completions/mean_terminated_length': '256', 'completions/min_terminated_length': '256', 'completions/max_terminated_length': '256', 'rewards/diagnostic_reward/mean': '0.125', 'rewards/diagnostic_reward/std': '4.549', 'reward': '0.125', 'reward_std': '4.549', 'frac_reward_zero_std': '0', 'policy_loss': '-0.0116', 'kl': '0.18', 'entropy': '0.9204', 'clip_ratio/low_mean': '0', 'clip_ratio/high_mean': '0', 'clip_ratio/region_mean': '0', 'clip_ratio/low_min': '0', 'clip_ratio/high_max': '0', 'entropy_coef': '0.05', 'step_time': '58.85', 'epoch': '0.1163'}
{'loss': '-0.02929', 'grad_norm': '33', 'learning_rate': '1e-06', 'num_tokens': '2.002e+04', 'completions/mean_length': '256', 'completions/min_length': '256', 'completions/max_length': '256', 'completions/clipped_ratio': '0.5', 'completions/mean_terminated_length': '256', 'completions/min_terminated_length': '256', 'completions/max_terminated_length': '256', 'rewards/diagnostic_reward/mean': '-0.75', 'rewards/diagnostic_reward/std': '5.092', 'reward': '-0.75', 'reward_std': '5.092', 'frac_reward_zero_std': '0', 'policy_loss': '0.000729', 'kl': '0.1458', 'entropy': '0.7024', 'clip_ratio/low_mean': '0', 'clip_ratio/high_mean': '0', 'clip_ratio/region_mean': '0', 'clip_ratio/low_min': '0', 'clip_ratio/high_max': '0', 'entropy_coef': '0.05', 'step_time': '58.36', 'epoch': '0.1395'}
{'loss': '-0.03011', 'grad_norm': '5.062', 'learning_rate': '9.091e-07', 'num_tokens': '2.282e+04', 'completions/mean_length': '188', 'completions/min_length': '188', 'completions/max_length': '188', 'completions/clipped_ratio': '0.125', 'completions/mean_terminated_length': '188', 'completions/min_terminated_length': '188', 'completions/max_terminated_length': '188', 'rewards/diagnostic_reward/mean': '1.25', 'rewards/diagnostic_reward/std': '2.464', 'reward': '1.25', 'reward_std': '2.464', 'frac_reward_zero_std': '0', 'policy_loss': '0.001292', 'kl': '0.2585', 'entropy': '0.809', 'clip_ratio/low_mean': '0', 'clip_ratio/high_mean': '0', 'clip_ratio/region_mean': '0', 'clip_ratio/low_min': '0', 'clip_ratio/high_max': '0', 'entropy_coef': '0.05', 'step_time': '44.25', 'epoch': '0.1628'}
[baseline_correctness_only] MILESTONE STEP 8: nonliteral_rate=1.000 structural_nonliteral_rate=1.000 genuine_correct_among_nonliteral=0.2857142857142857 overall_acc=0.286 taxonomy={'state_predictive_code': 14, 'correct_globally_consistent_code': 6, 'position_driven_drift': 1} token_drift_count=0
{'loss': '-0.01405', 'grad_norm': '22', 'learning_rate': '8.182e-07', 'num_tokens': '2.614e+04', 'completions/mean_length': '256', 'completions/min_length': '256', 'completions/max_length': '256', 'completions/clipped_ratio': '0.375', 'completions/mean_terminated_length': '256', 'completions/min_terminated_length': '256', 'completions/max_terminated_length': '256', 'rewards/diagnostic_reward/mean': '-1.25', 'rewards/diagnostic_reward/std': '4.192', 'reward': '-1.25', 'reward_std': '4.192', 'frac_reward_zero_std': '0', 'policy_loss': '0.002649', 'kl': '0.1571', 'entropy': '0.7049', 'clip_ratio/low_mean': '0', 'clip_ratio/high_mean': '0', 'clip_ratio/region_mean': '0', 'clip_ratio/low_min': '0', 'clip_ratio/high_max': '0', 'entropy_coef': '0.05', 'step_time': '57.19', 'epoch': '0.186'}
{'loss': '-0.02305', 'grad_norm': '20.75', 'learning_rate': '7.273e-07', 'num_tokens': '2.949e+04', 'completions/mean_length': '256', 'completions/min_length': '256', 'completions/max_length': '256', 'completions/clipped_ratio': '0.25', 'completions/mean_terminated_length': '256', 'completions/min_terminated_length': '256', 'completions/max_terminated_length': '256', 'rewards/diagnostic_reward/mean': '-0.5', 'rewards/diagnostic_reward/std': '3.982', 'reward': '-0.5', 'reward_std': '3.982', 'frac_reward_zero_std': '0', 'policy_loss': '0.003179', 'kl': '0.3164', 'entropy': '0.9697', 'clip_ratio/low_mean': '0', 'clip_ratio/high_mean': '0', 'clip_ratio/region_mean': '0', 'clip_ratio/low_min': '0', 'clip_ratio/high_max': '0', 'entropy_coef': '0.05', 'step_time': '58.14', 'epoch': '0.2093'}
{'loss': '-0.01663', 'grad_norm': '6.562', 'learning_rate': '6.364e-07', 'num_tokens': '3.215e+04', 'completions/mean_length': '173', 'completions/min_length': '173', 'completions/max_length': '173', 'completions/clipped_ratio': '0.125', 'completions/mean_terminated_length': '173', 'completions/min_terminated_length': '173', 'completions/max_terminated_length': '173', 'rewards/diagnostic_reward/mean': '-1.125', 'rewards/diagnostic_reward/std': '0.5825', 'reward': '-1.125', 'reward_std': '0.5825', 'frac_reward_zero_std': '0', 'policy_loss': '0.004359', 'kl': '0.2922', 'entropy': '1.03', 'clip_ratio/low_mean': '0', 'clip_ratio/high_mean': '0', 'clip_ratio/region_mean': '0', 'clip_ratio/low_min': '0', 'clip_ratio/high_max': '0', 'entropy_coef': '0.05', 'step_time': '40.68', 'epoch': '0.2326'}
{'loss': '-0.1477', 'grad_norm': '38', 'learning_rate': '5.455e-07', 'num_tokens': '3.55e+04', 'completions/mean_length': '256', 'completions/min_length': '256', 'completions/max_length': '256', 'completions/clipped_ratio': '0.375', 'completions/mean_terminated_length': '256', 'completions/min_terminated_length': '256', 'completions/max_terminated_length': '256', 'rewards/diagnostic_reward/mean': '-0.0625', 'rewards/diagnostic_reward/std': '4.395', 'reward': '-0.0625', 'reward_std': '4.395', 'frac_reward_zero_std': '0', 'policy_loss': '-0.01148', 'kl': '0.2037', 'entropy': '1.117', 'clip_ratio/low_mean': '0', 'clip_ratio/high_mean': '0', 'clip_ratio/region_mean': '0', 'clip_ratio/low_min': '0', 'clip_ratio/high_max': '0', 'entropy_coef': '0.05', 'step_time': '58.13', 'epoch': '0.2558'}
[baseline_correctness_only] MILESTONE STEP 12: nonliteral_rate=1.000 structural_nonliteral_rate=1.000 genuine_correct_among_nonliteral=0.2857142857142857 overall_acc=0.286 taxonomy={'state_predictive_code': 14, 'correct_globally_consistent_code': 6, 'position_driven_drift': 1} token_drift_count=0
{'loss': '-0.009679', 'grad_norm': '28.88', 'learning_rate': '4.545e-07', 'num_tokens': '3.886e+04', 'completions/mean_length': '256', 'completions/min_length': '256', 'completions/max_length': '256', 'completions/clipped_ratio': '0.5', 'completions/mean_terminated_length': '256', 'completions/min_terminated_length': '256', 'completions/max_terminated_length': '256', 'rewards/diagnostic_reward/mean': '-1.562', 'rewards/diagnostic_reward/std': '4.419', 'reward': '-1.562', 'reward_std': '4.419', 'frac_reward_zero_std': '0', 'policy_loss': '0.003292', 'kl': '0.1597', 'entropy': '0.7203', 'clip_ratio/low_mean': '0', 'clip_ratio/high_mean': '0', 'clip_ratio/region_mean': '0', 'clip_ratio/low_min': '0', 'clip_ratio/high_max': '0', 'entropy_coef': '0.05', 'step_time': '57.44', 'epoch': '0.2791'}
{'loss': '-0.03229', 'grad_norm': '30', 'learning_rate': '3.636e-07', 'num_tokens': '4.221e+04', 'completions/mean_length': '256', 'completions/min_length': '256', 'completions/max_length': '256', 'completions/clipped_ratio': '0.5', 'completions/mean_terminated_length': '256', 'completions/min_terminated_length': '256', 'completions/max_terminated_length': '256', 'rewards/diagnostic_reward/mean': '-1', 'rewards/diagnostic_reward/std': '5.099', 'reward': '-1', 'reward_std': '5.099', 'frac_reward_zero_std': '0', 'policy_loss': '0.0008947', 'kl': '0.1789', 'entropy': '0.7889', 'clip_ratio/low_mean': '0', 'clip_ratio/high_mean': '0', 'clip_ratio/region_mean': '0', 'clip_ratio/low_min': '0', 'clip_ratio/high_max': '0', 'entropy_coef': '0.05', 'step_time': '58.26', 'epoch': '0.3023'}
{'loss': '-0.02372', 'grad_norm': '9.75', 'learning_rate': '2.727e-07', 'num_tokens': '4.55e+04', 'completions/mean_length': '256', 'completions/min_length': '256', 'completions/max_length': '256', 'completions/clipped_ratio': '0.125', 'completions/mean_terminated_length': '256', 'completions/min_terminated_length': '256', 'completions/max_terminated_length': '256', 'rewards/diagnostic_reward/mean': '-1.125', 'rewards/diagnostic_reward/std': '2.709', 'reward': '-1.125', 'reward_std': '2.709', 'frac_reward_zero_std': '0', 'policy_loss': '0.002889', 'kl': '0.2894', 'entropy': '0.9366', 'clip_ratio/low_mean': '0', 'clip_ratio/high_mean': '0', 'clip_ratio/region_mean': '0', 'clip_ratio/low_min': '0', 'clip_ratio/high_max': '0', 'entropy_coef': '0.05', 'step_time': '57.72', 'epoch': '0.3256'}
{'loss': '0.0004791', 'grad_norm': '24', 'learning_rate': '1.818e-07', 'num_tokens': '4.886e+04', 'completions/mean_length': '256', 'completions/min_length': '256', 'completions/max_length': '256', 'completions/clipped_ratio': '0.5', 'completions/mean_terminated_length': '256', 'completions/min_terminated_length': '256', 'completions/max_terminated_length': '256', 'rewards/diagnostic_reward/mean': '-1.312', 'rewards/diagnostic_reward/std': '4.448', 'reward': '-1.312', 'reward_std': '4.448', 'frac_reward_zero_std': '0', 'policy_loss': '0.004375', 'kl': '0.1958', 'entropy': '0.6903', 'clip_ratio/low_mean': '0', 'clip_ratio/high_mean': '0', 'clip_ratio/region_mean': '0', 'clip_ratio/low_min': '0', 'clip_ratio/high_max': '0', 'entropy_coef': '0.05', 'step_time': '58.11', 'epoch': '0.3488'}
[baseline_correctness_only] MILESTONE STEP 16: nonliteral_rate=1.000 structural_nonliteral_rate=1.000 genuine_correct_among_nonliteral=0.2857142857142857 overall_acc=0.286 taxonomy={'state_predictive_code': 14, 'correct_globally_consistent_code': 6, 'position_driven_drift': 1} token_drift_count=0
{'loss': '-0.0774', 'grad_norm': '26.12', 'learning_rate': '9.091e-08', 'num_tokens': '5.218e+04', 'completions/mean_length': '256', 'completions/min_length': '256', 'completions/max_length': '256', 'completions/clipped_ratio': '0.375', 'completions/mean_terminated_length': '256', 'completions/min_terminated_length': '256', 'completions/max_terminated_length': '256', 'rewards/diagnostic_reward/mean': '-1.688', 'rewards/diagnostic_reward/std': '3.683', 'reward': '-1.688', 'reward_std': '3.683', 'frac_reward_zero_std': '0', 'policy_loss': '-0.003676', 'kl': '0.1888', 'entropy': '0.9598', 'clip_ratio/low_mean': '0', 'clip_ratio/high_mean': '0', 'clip_ratio/region_mean': '0', 'clip_ratio/low_min': '0', 'clip_ratio/high_max': '0', 'entropy_coef': '0.05', 'step_time': '57.37', 'epoch': '0.3721'}
{'train_runtime': '960.4', 'train_samples_per_second': '0.133', 'train_steps_per_second': '0.017', 'train_loss': '-0.05159', 'epoch': '0.3721'}
===== PHASE 2: MAIN ADVERSARIAL DRY RUN (full Stage-1-equivalent reward, p_cot reinstated) =====
===== PHASE: main_adversarial_dryrun (8 steps) =====
{'run_label': 'main_adversarial_dryrun', 'loaded_checkpoint_identity_sha256': 'e77bbbe26ddf8848ae9af83050b154ba0a236c70796512aebaa92267438ce9be'}
{'loss': '-0.04913', 'grad_norm': '14.75', 'learning_rate': '1e-07', 'num_tokens': '3352', 'completions/mean_length': '256', 'completions/min_length': '256', 'completions/max_length': '256', 'completions/clipped_ratio': '0.25', 'completions/mean_terminated_length': '256', 'completions/min_terminated_length': '256', 'completions/max_terminated_length': '256', 'rewards/diagnostic_reward/mean': '-0.9875', 'rewards/diagnostic_reward/std': '3.876', 'reward': '-0.9875', 'reward_std': '3.876', 'frac_reward_zero_std': '0', 'policy_loss': '0.001008', 'kl': '0', 'entropy': '1.144', 'clip_ratio/low_mean': '0', 'clip_ratio/high_mean': '0', 'clip_ratio/region_mean': '0', 'clip_ratio/low_min': '0', 'clip_ratio/high_max': '0', 'entropy_coef': '0.05', 'step_time': '57.78', 'epoch': '0.02326'}
{'loss': '-0.2446', 'grad_norm': '37.75', 'learning_rate': '3.25e-07', 'num_tokens': '6696', 'completions/mean_length': '256', 'completions/min_length': '256', 'completions/max_length': '256', 'completions/clipped_ratio': '0.125', 'completions/mean_terminated_length': '256', 'completions/min_terminated_length': '256', 'completions/max_terminated_length': '256', 'rewards/diagnostic_reward/mean': '2.175', 'rewards/diagnostic_reward/std': '3.85', 'reward': '2.175', 'reward_std': '3.85', 'frac_reward_zero_std': '0', 'policy_loss': '-0.02375', 'kl': '0.2497', 'entropy': '1.092', 'clip_ratio/low_mean': '0', 'clip_ratio/high_mean': '0', 'clip_ratio/region_mean': '0', 'clip_ratio/low_min': '0', 'clip_ratio/high_max': '0', 'entropy_coef': '0.05', 'step_time': '58.21', 'epoch': '0.04651'}
{'loss': '-0.01329', 'grad_norm': '9.062', 'learning_rate': '5.5e-07', 'num_tokens': '1.002e+04', 'completions/mean_length': '256', 'completions/min_length': '256', 'completions/max_length': '256', 'completions/clipped_ratio': '0.25', 'completions/mean_terminated_length': '256', 'completions/min_terminated_length': '256', 'completions/max_terminated_length': '256', 'rewards/diagnostic_reward/mean': '-1.069', 'rewards/diagnostic_reward/std': '3.858', 'reward': '-1.069', 'reward_std': '3.858', 'frac_reward_zero_std': '0', 'policy_loss': '0.003405', 'kl': '0.2152', 'entropy': '0.8105', 'clip_ratio/low_mean': '0', 'clip_ratio/high_mean': '0', 'clip_ratio/region_mean': '0', 'clip_ratio/low_min': '0', 'clip_ratio/high_max': '0', 'entropy_coef': '0.05', 'step_time': '57.86', 'epoch': '0.06977'}
[main_adversarial_dryrun] MILESTONE STEP 4: nonliteral_rate=1.000 structural_nonliteral_rate=1.000 genuine_correct_among_nonliteral=0.2857142857142857 overall_acc=0.286 taxonomy={'state_predictive_code': 13, 'correct_globally_consistent_code': 6, 'position_driven_drift': 2} token_drift_count=0
{'loss': '-0.05932', 'grad_norm': '13.06', 'learning_rate': '7.75e-07', 'num_tokens': '1.334e+04', 'completions/mean_length': '256', 'completions/min_length': '256', 'completions/max_length': '256', 'completions/clipped_ratio': '0.125', 'completions/mean_terminated_length': '256', 'completions/min_terminated_length': '256', 'completions/max_terminated_length': '256', 'rewards/diagnostic_reward/mean': '-0.7437', 'rewards/diagnostic_reward/std': '2.715', 'reward': '-0.7437', 'reward_std': '2.715', 'frac_reward_zero_std': '0', 'policy_loss': '-2.908e-06', 'kl': '0.244', 'entropy': '1.186', 'clip_ratio/low_mean': '0', 'clip_ratio/high_mean': '0', 'clip_ratio/region_mean': '0', 'clip_ratio/low_min': '0', 'clip_ratio/high_max': '0', 'entropy_coef': '0.05', 'step_time': '57.43', 'epoch': '0.09302'}
{'loss': '-0.1576', 'grad_norm': '32.5', 'learning_rate': '1e-06', 'num_tokens': '1.668e+04', 'completions/mean_length': '256', 'completions/min_length': '256', 'completions/max_length': '256', 'completions/clipped_ratio': '0.25', 'completions/mean_terminated_length': '256', 'completions/min_terminated_length': '256', 'completions/max_terminated_length': '256', 'rewards/diagnostic_reward/mean': '0.9063', 'rewards/diagnostic_reward/std': '4.187', 'reward': '0.9063', 'reward_std': '4.187', 'frac_reward_zero_std': '0', 'policy_loss': '-0.01296', 'kl': '0.2206', 'entropy': '1.079', 'clip_ratio/low_mean': '0', 'clip_ratio/high_mean': '0', 'clip_ratio/region_mean': '0', 'clip_ratio/low_min': '0', 'clip_ratio/high_max': '0', 'entropy_coef': '0.05', 'step_time': '57.67', 'epoch': '0.1163'}
{'loss': '-0.2252', 'grad_norm': '34.5', 'learning_rate': '1e-06', 'num_tokens': '2.002e+04', 'completions/mean_length': '256', 'completions/min_length': '256', 'completions/max_length': '256', 'completions/clipped_ratio': '0.125', 'completions/mean_terminated_length': '256', 'completions/min_terminated_length': '256', 'completions/max_terminated_length': '256', 'rewards/diagnostic_reward/mean': '1.888', 'rewards/diagnostic_reward/std': '3.294', 'reward': '1.888', 'reward_std': '3.294', 'frac_reward_zero_std': '0', 'policy_loss': '-0.02038', 'kl': '0.3413', 'entropy': '1.244', 'clip_ratio/low_mean': '0', 'clip_ratio/high_mean': '0', 'clip_ratio/region_mean': '0', 'clip_ratio/low_min': '0', 'clip_ratio/high_max': '0', 'entropy_coef': '0.05', 'step_time': '57.82', 'epoch': '0.1395'}
{'loss': '-0.1347', 'grad_norm': '26', 'learning_rate': '6.667e-07', 'num_tokens': '2.337e+04', 'completions/mean_length': '256', 'completions/min_length': '256', 'completions/max_length': '256', 'completions/clipped_ratio': '0.125', 'completions/mean_terminated_length': '256', 'completions/min_terminated_length': '256', 'completions/max_terminated_length': '256', 'rewards/diagnostic_reward/mean': '1.325', 'rewards/diagnostic_reward/std': '3.664', 'reward': '1.325', 'reward_std': '3.664', 'frac_reward_zero_std': '0', 'policy_loss': '-0.01071', 'kl': '0.3583', 'entropy': '0.981', 'clip_ratio/low_mean': '0', 'clip_ratio/high_mean': '0', 'clip_ratio/region_mean': '0', 'clip_ratio/low_min': '0', 'clip_ratio/high_max': '0', 'entropy_coef': '0.05', 'step_time': '57.81', 'epoch': '0.1628'}
[main_adversarial_dryrun] MILESTONE STEP 8: nonliteral_rate=1.000 structural_nonliteral_rate=1.000 genuine_correct_among_nonliteral=0.2857142857142857 overall_acc=0.286 taxonomy={'state_predictive_code': 14, 'correct_globally_consistent_code': 6, 'position_driven_drift': 1} token_drift_count=0
{'loss': '-0.04742', 'grad_norm': '12.5', 'learning_rate': '3.333e-07', 'num_tokens': '2.668e+04', 'completions/mean_length': '256', 'completions/min_length': '256', 'completions/max_length': '256', 'completions/clipped_ratio': '0.125', 'completions/mean_terminated_length': '256', 'completions/min_terminated_length': '256', 'completions/max_terminated_length': '256', 'rewards/diagnostic_reward/mean': '0.7813', 'rewards/diagnostic_reward/std': '3.309', 'reward': '0.7813', 'reward_std': '3.309', 'frac_reward_zero_std': '0', 'policy_loss': '0.0006294', 'kl': '0.3074', 'entropy': '1.049', 'clip_ratio/low_mean': '0', 'clip_ratio/high_mean': '0', 'clip_ratio/region_mean': '0', 'clip_ratio/low_min': '0', 'clip_ratio/high_max': '0', 'entropy_coef': '0.05', 'step_time': '57.78', 'epoch': '0.186'}
{'train_runtime': '494.4', 'train_samples_per_second': '0.129', 'train_steps_per_second': '0.016', 'train_loss': '-0.1164', 'epoch': '0.186'}
===== FINAL REPORT =====
{
  "baseline_terminal_step": 16,
  "baseline_hard_stop": null,
  "baseline_advantage_clamp_summary": {
    "clamp_value": 0.4,
    "engaged_count": 100,
    "total_count": 128,
    "engagement_rate": 0.78125
  },
  "baseline_milestones_summary": [
    {
      "step": 4,
      "nonliteral_rate": 1.0,
      "structural_nonliteral_rate": 1.0,
      "genuine_correct_among_nonliteral": 0.2857142857142857,
      "overall_acc": 0.2857142857142857
    },
    {
      "step": 8,
      "nonliteral_rate": 1.0,
      "structural_nonliteral_rate": 1.0,
      "genuine_correct_among_nonliteral": 0.2857142857142857,
      "overall_acc": 0.2857142857142857
    },
    {
      "step": 12,
      "nonliteral_rate": 1.0,
      "structural_nonliteral_rate": 1.0,
      "genuine_correct_among_nonliteral": 0.2857142857142857,
      "overall_acc": 0.2857142857142857
    },
    {
      "step": 16,
      "nonliteral_rate": 1.0,
      "structural_nonliteral_rate": 1.0,
      "genuine_correct_among_nonliteral": 0.2857142857142857,
      "overall_acc": 0.2857142857142857
    }
  ],
  "main_terminal_step": 8,
  "main_hard_stop": null,
  "main_advantage_clamp_summary": {
    "clamp_value": 0.4,
    "engaged_count": 45,
    "total_count": 64,
    "engagement_rate": 0.703125
  },
  "main_milestones_summary": [
    {
      "step": 4,
      "nonliteral_rate": 1.0,
      "structural_nonliteral_rate": 1.0,
      "genuine_correct_among_nonliteral": 0.2857142857142857,
      "overall_acc": 0.2857142857142857
    },
    {
      "step": 8,
      "nonliteral_rate": 1.0,
      "structural_nonliteral_rate": 1.0,
      "genuine_correct_among_nonliteral": 0.2857142857142857,
      "overall_acc": 0.2857142857142857
    }
  ]
}

Evidence: /home/ubuntu/aisi_checkpoints/stage9d-sft-seeded-adversarial-rl-v4/stage9d_sft_seeded_adversarial_rl.json
STAGE 9D BASELINE + MAIN DRY RUN COMPLETE. No longer main run launched.
