Warning: You are sending unauthenticated requests to the HF Hub. Please set a HF_TOKEN to enable higher rate limits and faster downloads.
{'gpu': 'NVIDIA A10G', 'run_seed': 20260830, 'baseline_steps': 16, 'dryrun_steps': 8, 'transformers': '5.13.1', 'trl': '1.9.2', 'peft': '0.19.1', 'bitsandbytes': '0.50.0'}
===== IMPORTS =====
===== ADVANTAGE CLAMP: patching GRPOTrainer.compute_loss (design.md, advantage-clamp addendum) =====
{'advantage_clamp_value': 0.4, 'grubbs_max_advantage': 2.4748737341529163, 'clamp_below_theoretical_ceiling': True}
REWARD INVARIANT (checkpoint-independent by construction -- design.md section 2): {'baseline': {'margin_correct_over_wrong': 3.0, 'margin_wrong_over_malformed': 3.0}, 'main_adversarial': {'margin_correct_over_wrong': 0.7, 'margin_wrong_over_malformed': 0.6999999999999993}}
{'train_pool_n': 43, 'eval_n': 21, 'clean21_sha256_verified': True}
===== LOAD 3B BASE (once, shared across both runs) =====
{'stage9c_adapter_path': '/home/ubuntu/aisi_checkpoints/stage9c-sft-diagnostic-v1/final_adapter/adapter_model.safetensors', 'stage9c_adapter_sha256': 'c84afe0389487766463b74aba3559940b2e92d69c4915d32a5dee1c5ccc7609c'}
===== ZERO-STEP SANITY CHECK: does the freshly-loaded Stage 9c checkpoint reproduce its own reported ~100% held-out non-literal rate? =====
{'sanity_checkpoint_identity_sha256': 'e77bbbe26ddf8848ae9af83050b154ba0a236c70796512aebaa92267438ce9be', 'sanity_nonliteral_rate': 1.0, 'n': 21, 'matches_stage9c_report': True}
PASSED: checkpoint loads correctly and reproduces its own reported behavior before any Stage 9d training.
{'baseline_clamp_value': 0.4, 'main_clamp_value': 0.4}
===== PHASE 1: BASELINE CONTROL (correctness-only, no p_cot/consistency/signal) =====
===== PHASE: baseline_correctness_only (16 steps), clamp_value=0.4 =====
{'run_label': 'baseline_correctness_only', 'loaded_checkpoint_identity_sha256': 'e77bbbe26ddf8848ae9af83050b154ba0a236c70796512aebaa92267438ce9be'}
{'loss': '-0.049', 'grad_norm': '14.62', 'learning_rate': '1e-07', 'num_tokens': '3352', 'completions/mean_length': '256', 'completions/min_length': '256', 'completions/max_length': '256', 'completions/clipped_ratio': '0.25', 'completions/mean_terminated_length': '256', 'completions/min_terminated_length': '256', 'completions/max_terminated_length': '256', 'rewards/diagnostic_reward/mean': '-1.062', 'rewards/diagnostic_reward/std': '3.812', 'reward': '-1.062', 'reward_std': '3.812', 'frac_reward_zero_std': '0', 'policy_loss': '0.001025', 'kl': '0', 'entropy': '1.144', 'clip_ratio/low_mean': '0', 'clip_ratio/high_mean': '0', 'clip_ratio/region_mean': '0', 'clip_ratio/low_min': '0', 'clip_ratio/high_max': '0', 'entropy_coef': '0.05', 'step_time': '55.7', 'epoch': '0.02326'}
{'loss': '-0.1431', 'grad_norm': '21.88', 'learning_rate': '3.25e-07', 'num_tokens': '6696', 'completions/mean_length': '256', 'completions/min_length': '256', 'completions/max_length': '256', 'completions/clipped_ratio': '0.125', 'completions/mean_terminated_length': '256', 'completions/min_terminated_length': '256', 'completions/max_terminated_length': '256', 'rewards/diagnostic_reward/mean': '1.375', 'rewards/diagnostic_reward/std': '3.711', 'reward': '1.375', 'reward_std': '3.711', 'frac_reward_zero_std': '0', 'policy_loss': '-0.01126', 'kl': '0.2487', 'entropy': '1.061', 'clip_ratio/low_mean': '0', 'clip_ratio/high_mean': '0', 'clip_ratio/region_mean': '0', 'clip_ratio/low_min': '0', 'clip_ratio/high_max': '0', 'entropy_coef': '0.05', 'step_time': '55.78', 'epoch': '0.04651'}
{'loss': '-0.06233', 'grad_norm': '26', 'learning_rate': '5.5e-07', 'num_tokens': '1.002e+04', 'completions/mean_length': '256', 'completions/min_length': '256', 'completions/max_length': '256', 'completions/clipped_ratio': '0.375', 'completions/mean_terminated_length': '256', 'completions/min_terminated_length': '256', 'completions/max_terminated_length': '256', 'rewards/diagnostic_reward/mean': '-1.625', 'rewards/diagnostic_reward/std': '3.603', 'reward': '-1.625', 'reward_std': '3.603', 'frac_reward_zero_std': '0', 'policy_loss': '-0.003289', 'kl': '0.1521', 'entropy': '0.7205', 'clip_ratio/low_mean': '0', 'clip_ratio/high_mean': '0', 'clip_ratio/region_mean': '0', 'clip_ratio/low_min': '0', 'clip_ratio/high_max': '0', 'entropy_coef': '0.05', 'step_time': '55.8', 'epoch': '0.06977'}
[baseline_correctness_only] MILESTONE STEP 4: nonliteral_rate=1.000 structural_nonliteral_rate=1.000 genuine_correct_among_nonliteral=0.2857142857142857 overall_acc=0.286 taxonomy={'state_predictive_code': 14, 'correct_globally_consistent_code': 6, 'position_driven_drift': 1} token_drift_count=0
{'loss': '-0.04011', 'grad_norm': '19.25', 'learning_rate': '7.75e-07', 'num_tokens': '1.334e+04', 'completions/mean_length': '256', 'completions/min_length': '256', 'completions/max_length': '256', 'completions/clipped_ratio': '0.25', 'completions/mean_terminated_length': '256', 'completions/min_terminated_length': '256', 'completions/max_terminated_length': '256', 'rewards/diagnostic_reward/mean': '-1', 'rewards/diagnostic_reward/std': '3.798', 'reward': '-1', 'reward_std': '3.798', 'frac_reward_zero_std': '0', 'policy_loss': '0.0009959', 'kl': '0.1992', 'entropy': '0.9615', 'clip_ratio/low_mean': '0', 'clip_ratio/high_mean': '0', 'clip_ratio/region_mean': '0', 'clip_ratio/low_min': '0', 'clip_ratio/high_max': '0', 'entropy_coef': '0.05', 'step_time': '55.56', 'epoch': '0.09302'}
{'loss': '-0.2118', 'grad_norm': '41.75', 'learning_rate': '1e-06', 'num_tokens': '1.668e+04', 'completions/mean_length': '256', 'completions/min_length': '256', 'completions/max_length': '256', 'completions/clipped_ratio': '0.125', 'completions/mean_terminated_length': '256', 'completions/min_terminated_length': '256', 'completions/max_terminated_length': '256', 'rewards/diagnostic_reward/mean': '2.062', 'rewards/diagnostic_reward/std': '3.234', 'reward': '2.062', 'reward_std': '3.234', 'frac_reward_zero_std': '0', 'policy_loss': '-0.02027', 'kl': '0.2572', 'entropy': '0.992', 'clip_ratio/low_mean': '0', 'clip_ratio/high_mean': '0', 'clip_ratio/region_mean': '0', 'clip_ratio/low_min': '0', 'clip_ratio/high_max': '0', 'entropy_coef': '0.05', 'step_time': '56.15', 'epoch': '0.1163'}
{'loss': '-0.1483', 'grad_norm': '35', 'learning_rate': '1e-06', 'num_tokens': '2.002e+04', 'completions/mean_length': '256', 'completions/min_length': '256', 'completions/max_length': '256', 'completions/clipped_ratio': '0.25', 'completions/mean_terminated_length': '256', 'completions/min_terminated_length': '256', 'completions/max_terminated_length': '256', 'rewards/diagnostic_reward/mean': '0.5', 'rewards/diagnostic_reward/std': '4.097', 'reward': '0.5', 'reward_std': '4.097', 'frac_reward_zero_std': '0', 'policy_loss': '-0.01147', 'kl': '0.2063', 'entropy': '1.131', 'clip_ratio/low_mean': '0', 'clip_ratio/high_mean': '0', 'clip_ratio/region_mean': '0', 'clip_ratio/low_min': '0', 'clip_ratio/high_max': '0', 'entropy_coef': '0.05', 'step_time': '55.96', 'epoch': '0.1395'}
{'loss': '0.03282', 'grad_norm': '7', 'learning_rate': '9.091e-07', 'num_tokens': '2.337e+04', 'completions/mean_length': '256', 'completions/min_length': '256', 'completions/max_length': '256', 'completions/clipped_ratio': '0.125', 'completions/mean_terminated_length': '256', 'completions/min_terminated_length': '256', 'completions/max_terminated_length': '256', 'rewards/diagnostic_reward/mean': '-0.75', 'rewards/diagnostic_reward/std': '3.105', 'reward': '-0.75', 'reward_std': '3.105', 'frac_reward_zero_std': '0', 'policy_loss': '0.01136', 'kl': '0.26', 'entropy': '1.162', 'clip_ratio/low_mean': '0', 'clip_ratio/high_mean': '0', 'clip_ratio/region_mean': '0', 'clip_ratio/low_min': '0', 'clip_ratio/high_max': '0', 'entropy_coef': '0.05', 'step_time': '55.89', 'epoch': '0.1628'}
[baseline_correctness_only] MILESTONE STEP 8: nonliteral_rate=1.000 structural_nonliteral_rate=1.000 genuine_correct_among_nonliteral=0.2857142857142857 overall_acc=0.286 taxonomy={'state_predictive_code': 14, 'correct_globally_consistent_code': 6, 'position_driven_drift': 1} token_drift_count=0
{'loss': '-0.1352', 'grad_norm': '4.75', 'learning_rate': '8.182e-07', 'num_tokens': '2.583e+04', 'completions/mean_length': '150', 'completions/min_length': '150', 'completions/max_length': '150', 'completions/clipped_ratio': '0.125', 'completions/mean_terminated_length': '150', 'completions/min_terminated_length': '150', 'completions/max_terminated_length': '150', 'rewards/diagnostic_reward/mean': '1.938', 'rewards/diagnostic_reward/std': '2.352', 'reward': '1.938', 'reward_std': '2.352', 'frac_reward_zero_std': '0', 'policy_loss': '-0.01135', 'kl': '0.2309', 'entropy': '0.8881', 'clip_ratio/low_mean': '0', 'clip_ratio/high_mean': '0', 'clip_ratio/region_mean': '0', 'clip_ratio/low_min': '0', 'clip_ratio/high_max': '0', 'entropy_coef': '0.05', 'step_time': '35.25', 'epoch': '0.186'}
{'loss': '-0.04143', 'grad_norm': '19', 'learning_rate': '7.273e-07', 'num_tokens': '2.918e+04', 'completions/mean_length': '256', 'completions/min_length': '256', 'completions/max_length': '256', 'completions/clipped_ratio': '0.25', 'completions/mean_terminated_length': '256', 'completions/min_terminated_length': '256', 'completions/max_terminated_length': '256', 'rewards/diagnostic_reward/mean': '-0.6875', 'rewards/diagnostic_reward/std': '3.909', 'reward': '-0.6875', 'reward_std': '3.909', 'frac_reward_zero_std': '0', 'policy_loss': '0.0007722', 'kl': '0.2553', 'entropy': '0.9521', 'clip_ratio/low_mean': '0', 'clip_ratio/high_mean': '0', 'clip_ratio/region_mean': '0', 'clip_ratio/low_min': '0', 'clip_ratio/high_max': '0', 'entropy_coef': '0.05', 'step_time': '56.23', 'epoch': '0.2093'}
{'loss': '-0.1369', 'grad_norm': '30.88', 'learning_rate': '6.364e-07', 'num_tokens': '3.251e+04', 'completions/mean_length': '256', 'completions/min_length': '256', 'completions/max_length': '256', 'completions/clipped_ratio': '0.375', 'completions/mean_terminated_length': '256', 'completions/min_terminated_length': '256', 'completions/max_terminated_length': '256', 'rewards/diagnostic_reward/mean': '-2.875', 'rewards/diagnostic_reward/std': '2.387', 'reward': '-2.875', 'reward_std': '2.387', 'frac_reward_zero_std': '0', 'policy_loss': '-0.01117', 'kl': '0.1624', 'entropy': '0.9521', 'clip_ratio/low_mean': '0', 'clip_ratio/high_mean': '0', 'clip_ratio/region_mean': '0', 'clip_ratio/low_min': '0', 'clip_ratio/high_max': '0', 'entropy_coef': '0.05', 'step_time': '56', 'epoch': '0.2326'}
{'loss': '-0.07523', 'grad_norm': '27.12', 'learning_rate': '5.455e-07', 'num_tokens': '3.586e+04', 'completions/mean_length': '256', 'completions/min_length': '256', 'completions/max_length': '256', 'completions/clipped_ratio': '0.375', 'completions/mean_terminated_length': '256', 'completions/min_terminated_length': '256', 'completions/max_terminated_length': '256', 'rewards/diagnostic_reward/mean': '-0.8125', 'rewards/diagnostic_reward/std': '4.598', 'reward': '-0.8125', 'reward_std': '4.598', 'frac_reward_zero_std': '0', 'policy_loss': '-0.003059', 'kl': '0.171', 'entropy': '1.015', 'clip_ratio/low_mean': '0', 'clip_ratio/high_mean': '0', 'clip_ratio/region_mean': '0', 'clip_ratio/low_min': '0', 'clip_ratio/high_max': '0', 'entropy_coef': '0.05', 'step_time': '56.2', 'epoch': '0.2558'}
[baseline_correctness_only] MILESTONE STEP 12: nonliteral_rate=1.000 structural_nonliteral_rate=1.000 genuine_correct_among_nonliteral=0.2857142857142857 overall_acc=0.286 taxonomy={'state_predictive_code': 14, 'correct_globally_consistent_code': 6, 'position_driven_drift': 1} token_drift_count=0
{'loss': '0.0222', 'grad_norm': '24.38', 'learning_rate': '4.545e-07', 'num_tokens': '3.922e+04', 'completions/mean_length': '256', 'completions/min_length': '256', 'completions/max_length': '256', 'completions/clipped_ratio': '0.5', 'completions/mean_terminated_length': '256', 'completions/min_terminated_length': '256', 'completions/max_terminated_length': '256', 'rewards/diagnostic_reward/mean': '-1.438', 'rewards/diagnostic_reward/std': '4.717', 'reward': '-1.438', 'reward_std': '4.717', 'frac_reward_zero_std': '0', 'policy_loss': '0.007306', 'kl': '0.1698', 'entropy': '0.7249', 'clip_ratio/low_mean': '0', 'clip_ratio/high_mean': '0', 'clip_ratio/region_mean': '0', 'clip_ratio/low_min': '0', 'clip_ratio/high_max': '0', 'entropy_coef': '0.05', 'step_time': '55.95', 'epoch': '0.2791'}
{'loss': '-0.143', 'grad_norm': '31.25', 'learning_rate': '3.636e-07', 'num_tokens': '4.257e+04', 'completions/mean_length': '256', 'completions/min_length': '256', 'completions/max_length': '256', 'completions/clipped_ratio': '0.25', 'completions/mean_terminated_length': '256', 'completions/min_terminated_length': '256', 'completions/max_terminated_length': '256', 'rewards/diagnostic_reward/mean': '0.625', 'rewards/diagnostic_reward/std': '4.494', 'reward': '0.625', 'reward_std': '4.494', 'frac_reward_zero_std': '0', 'policy_loss': '-0.01138', 'kl': '0.2232', 'entropy': '1.039', 'clip_ratio/low_mean': '0', 'clip_ratio/high_mean': '0', 'clip_ratio/region_mean': '0', 'clip_ratio/low_min': '0', 'clip_ratio/high_max': '0', 'entropy_coef': '0.05', 'step_time': '56.46', 'epoch': '0.3023'}
{'loss': '-0.04519', 'grad_norm': '24.88', 'learning_rate': '2.727e-07', 'num_tokens': '4.586e+04', 'completions/mean_length': '256', 'completions/min_length': '256', 'completions/max_length': '256', 'completions/clipped_ratio': '0.375', 'completions/mean_terminated_length': '256', 'completions/min_terminated_length': '256', 'completions/max_terminated_length': '256', 'rewards/diagnostic_reward/mean': '-1.25', 'rewards/diagnostic_reward/std': '4.342', 'reward': '-1.25', 'reward_std': '4.342', 'frac_reward_zero_std': '0', 'policy_loss': '-0.0006545', 'kl': '0.2289', 'entropy': '0.799', 'clip_ratio/low_mean': '0', 'clip_ratio/high_mean': '0', 'clip_ratio/region_mean': '0', 'clip_ratio/low_min': '0', 'clip_ratio/high_max': '0', 'entropy_coef': '0.05', 'step_time': '55.71', 'epoch': '0.3256'}
{'loss': '-0.06543', 'grad_norm': '19.62', 'learning_rate': '1.818e-07', 'num_tokens': '4.922e+04', 'completions/mean_length': '256', 'completions/min_length': '256', 'completions/max_length': '256', 'completions/clipped_ratio': '0.125', 'completions/mean_terminated_length': '256', 'completions/min_terminated_length': '256', 'completions/max_terminated_length': '256', 'rewards/diagnostic_reward/mean': '0.625', 'rewards/diagnostic_reward/std': '3.441', 'reward': '0.625', 'reward_std': '3.441', 'frac_reward_zero_std': '0', 'policy_loss': '-0.001032', 'kl': '0.2502', 'entropy': '1.144', 'clip_ratio/low_mean': '0', 'clip_ratio/high_mean': '0', 'clip_ratio/region_mean': '0', 'clip_ratio/low_min': '0', 'clip_ratio/high_max': '0', 'entropy_coef': '0.05', 'step_time': '56.07', 'epoch': '0.3488'}
[baseline_correctness_only] MILESTONE STEP 16: nonliteral_rate=1.000 structural_nonliteral_rate=1.000 genuine_correct_among_nonliteral=0.2857142857142857 overall_acc=0.286 taxonomy={'state_predictive_code': 14, 'correct_globally_consistent_code': 6, 'position_driven_drift': 1} token_drift_count=0
{'loss': '-0.1335', 'grad_norm': '24.38', 'learning_rate': '9.091e-08', 'num_tokens': '5.202e+04', 'completions/mean_length': '191', 'completions/min_length': '191', 'completions/max_length': '191', 'completions/clipped_ratio': '0.125', 'completions/mean_terminated_length': '191', 'completions/min_terminated_length': '191', 'completions/max_terminated_length': '191', 'rewards/diagnostic_reward/mean': '-0.9375', 'rewards/diagnostic_reward/std': '0.6232', 'reward': '-0.9375', 'reward_std': '0.6232', 'frac_reward_zero_std': '0', 'policy_loss': '-0.01096', 'kl': '0.3083', 'entropy': '0.9162', 'clip_ratio/low_mean': '0', 'clip_ratio/high_mean': '0', 'clip_ratio/region_mean': '0', 'clip_ratio/low_min': '0', 'clip_ratio/high_max': '0', 'entropy_coef': '0.05', 'step_time': '43.31', 'epoch': '0.3721'}
{'train_runtime': '923.8', 'train_samples_per_second': '0.139', 'train_steps_per_second': '0.017', 'train_loss': '-0.08597', 'epoch': '0.3721'}
===== PHASE 2: MAIN ADVERSARIAL DRY RUN (full Stage-1-equivalent reward, p_cot reinstated) =====
===== PHASE: main_adversarial_dryrun (8 steps), clamp_value=0.4 =====
{'run_label': 'main_adversarial_dryrun', 'loaded_checkpoint_identity_sha256': 'e77bbbe26ddf8848ae9af83050b154ba0a236c70796512aebaa92267438ce9be'}
{'loss': '-0.04913', 'grad_norm': '14.75', 'learning_rate': '1e-07', 'num_tokens': '3352', 'completions/mean_length': '256', 'completions/min_length': '256', 'completions/max_length': '256', 'completions/clipped_ratio': '0.25', 'completions/mean_terminated_length': '256', 'completions/min_terminated_length': '256', 'completions/max_terminated_length': '256', 'rewards/diagnostic_reward/mean': '-0.9875', 'rewards/diagnostic_reward/std': '3.876', 'reward': '-0.9875', 'reward_std': '3.876', 'frac_reward_zero_std': '0', 'policy_loss': '0.001008', 'kl': '0', 'entropy': '1.144', 'clip_ratio/low_mean': '0', 'clip_ratio/high_mean': '0', 'clip_ratio/region_mean': '0', 'clip_ratio/low_min': '0', 'clip_ratio/high_max': '0', 'entropy_coef': '0.05', 'step_time': '55.67', 'epoch': '0.02326'}
{'loss': '-0.1276', 'grad_norm': '5.156', 'learning_rate': '3.25e-07', 'num_tokens': '6000', 'completions/mean_length': '169', 'completions/min_length': '169', 'completions/max_length': '169', 'completions/clipped_ratio': '0.125', 'completions/mean_terminated_length': '169', 'completions/min_terminated_length': '169', 'completions/max_terminated_length': '169', 'rewards/diagnostic_reward/mean': '1.877', 'rewards/diagnostic_reward/std': '2.392', 'reward': '1.877', 'reward_std': '2.392', 'frac_reward_zero_std': '0', 'policy_loss': '-0.01096', 'kl': '0.3088', 'entropy': '0.7994', 'clip_ratio/low_mean': '0', 'clip_ratio/high_mean': '0', 'clip_ratio/region_mean': '0', 'clip_ratio/low_min': '0', 'clip_ratio/high_max': '0', 'entropy_coef': '0.05', 'step_time': '38.94', 'epoch': '0.04651'}
{'loss': '-0.1027', 'grad_norm': '24', 'learning_rate': '5.5e-07', 'num_tokens': '9320', 'completions/mean_length': '256', 'completions/min_length': '256', 'completions/max_length': '256', 'completions/clipped_ratio': '0.25', 'completions/mean_terminated_length': '256', 'completions/min_terminated_length': '256', 'completions/max_terminated_length': '256', 'rewards/diagnostic_reward/mean': '-0.7625', 'rewards/diagnostic_reward/std': '3.258', 'reward': '-0.7625', 'reward_std': '3.258', 'frac_reward_zero_std': '0', 'policy_loss': '-0.007036', 'kl': '0.1755', 'entropy': '0.9284', 'clip_ratio/low_mean': '0', 'clip_ratio/high_mean': '0', 'clip_ratio/region_mean': '0', 'clip_ratio/low_min': '0', 'clip_ratio/high_max': '0', 'entropy_coef': '0.05', 'step_time': '56.13', 'epoch': '0.06977'}
[main_adversarial_dryrun] MILESTONE STEP 4: nonliteral_rate=1.000 structural_nonliteral_rate=1.000 genuine_correct_among_nonliteral=0.2857142857142857 overall_acc=0.286 taxonomy={'state_predictive_code': 14, 'correct_globally_consistent_code': 6, 'position_driven_drift': 1} token_drift_count=0
{'loss': '-0.03874', 'grad_norm': '24.12', 'learning_rate': '7.75e-07', 'num_tokens': '1.264e+04', 'completions/mean_length': '256', 'completions/min_length': '256', 'completions/max_length': '256', 'completions/clipped_ratio': '0.375', 'completions/mean_terminated_length': '256', 'completions/min_terminated_length': '256', 'completions/max_terminated_length': '256', 'rewards/diagnostic_reward/mean': '-1.05', 'rewards/diagnostic_reward/std': '4.229', 'reward': '-1.05', 'reward_std': '4.229', 'frac_reward_zero_std': '0', 'policy_loss': '2.793e-05', 'kl': '0.1903', 'entropy': '0.7794', 'clip_ratio/low_mean': '0', 'clip_ratio/high_mean': '0', 'clip_ratio/region_mean': '0', 'clip_ratio/low_min': '0', 'clip_ratio/high_max': '0', 'entropy_coef': '0.05', 'step_time': '55.81', 'epoch': '0.09302'}
{'loss': '-0.03483', 'grad_norm': '29.62', 'learning_rate': '1e-06', 'num_tokens': '1.598e+04', 'completions/mean_length': '256', 'completions/min_length': '256', 'completions/max_length': '256', 'completions/clipped_ratio': '0.5', 'completions/mean_terminated_length': '256', 'completions/min_terminated_length': '256', 'completions/max_terminated_length': '256', 'rewards/diagnostic_reward/mean': '-0.8437', 'rewards/diagnostic_reward/std': '4.946', 'reward': '-0.8437', 'reward_std': '4.946', 'frac_reward_zero_std': '0', 'policy_loss': '0.001124', 'kl': '0.2247', 'entropy': '0.8763', 'clip_ratio/low_mean': '0', 'clip_ratio/high_mean': '0', 'clip_ratio/region_mean': '0', 'clip_ratio/low_min': '0', 'clip_ratio/high_max': '0', 'entropy_coef': '0.05', 'step_time': '55.89', 'epoch': '0.1163'}
{'loss': '-0.1346', 'grad_norm': '24', 'learning_rate': '1e-06', 'num_tokens': '1.932e+04', 'completions/mean_length': '256', 'completions/min_length': '256', 'completions/max_length': '256', 'completions/clipped_ratio': '0.125', 'completions/mean_terminated_length': '256', 'completions/min_terminated_length': '256', 'completions/max_terminated_length': '256', 'rewards/diagnostic_reward/mean': '1.631', 'rewards/diagnostic_reward/std': '3.231', 'reward': '1.631', 'reward_std': '3.231', 'frac_reward_zero_std': '0', 'policy_loss': '-0.01141', 'kl': '0.2178', 'entropy': '0.8658', 'clip_ratio/low_mean': '0', 'clip_ratio/high_mean': '0', 'clip_ratio/region_mean': '0', 'clip_ratio/low_min': '0', 'clip_ratio/high_max': '0', 'entropy_coef': '0.05', 'step_time': '55.97', 'epoch': '0.1395'}
{'loss': '-0.1418', 'grad_norm': '34.75', 'learning_rate': '6.667e-07', 'num_tokens': '2.267e+04', 'completions/mean_length': '256', 'completions/min_length': '256', 'completions/max_length': '256', 'completions/clipped_ratio': '0.25', 'completions/mean_terminated_length': '256', 'completions/min_terminated_length': '256', 'completions/max_terminated_length': '256', 'rewards/diagnostic_reward/mean': '0.7', 'rewards/diagnostic_reward/std': '4.297', 'reward': '0.7', 'reward_std': '4.297', 'frac_reward_zero_std': '0', 'policy_loss': '-0.01124', 'kl': '0.2529', 'entropy': '1.037', 'clip_ratio/low_mean': '0', 'clip_ratio/high_mean': '0', 'clip_ratio/region_mean': '0', 'clip_ratio/low_min': '0', 'clip_ratio/high_max': '0', 'entropy_coef': '0.05', 'step_time': '56.21', 'epoch': '0.1628'}
[main_adversarial_dryrun] MILESTONE STEP 8: nonliteral_rate=1.000 structural_nonliteral_rate=1.000 genuine_correct_among_nonliteral=0.2857142857142857 overall_acc=0.286 taxonomy={'state_predictive_code': 14, 'correct_globally_consistent_code': 6, 'position_driven_drift': 1} token_drift_count=0
{'loss': '-0.08274', 'grad_norm': '27.12', 'learning_rate': '3.333e-07', 'num_tokens': '2.598e+04', 'completions/mean_length': '256', 'completions/min_length': '256', 'completions/max_length': '256', 'completions/clipped_ratio': '0.25', 'completions/mean_terminated_length': '256', 'completions/min_terminated_length': '256', 'completions/max_terminated_length': '256', 'rewards/diagnostic_reward/mean': '0.07813', 'rewards/diagnostic_reward/std': '4.237', 'reward': '0.07813', 'reward_std': '4.237', 'frac_reward_zero_std': '0', 'policy_loss': '-0.003777', 'kl': '0.265', 'entropy': '1.05', 'clip_ratio/low_mean': '0', 'clip_ratio/high_mean': '0', 'clip_ratio/region_mean': '0', 'clip_ratio/low_min': '0', 'clip_ratio/high_max': '0', 'entropy_coef': '0.05', 'step_time': '56.1', 'epoch': '0.186'}
{'train_runtime': '461.6', 'train_samples_per_second': '0.139', 'train_steps_per_second': '0.017', 'train_loss': '-0.08901', 'epoch': '0.186'}
===== FINAL REPORT =====
{
  "baseline_terminal_step": 16,
  "baseline_hard_stop": null,
  "baseline_advantage_clamp_summary": {
    "clamp_value": 0.4,
    "engaged_count": 101,
    "total_count": 128,
    "engagement_rate": 0.7890625
  },
  "baseline_milestones_summary": [
    {
      "step": 4,
      "nonliteral_rate": 1.0,
      "structural_nonliteral_rate": 1.0,
      "genuine_correct_among_nonliteral": 0.2857142857142857,
      "overall_acc": 0.2857142857142857
    },
    {
      "step": 8,
      "nonliteral_rate": 1.0,
      "structural_nonliteral_rate": 1.0,
      "genuine_correct_among_nonliteral": 0.2857142857142857,
      "overall_acc": 0.2857142857142857
    },
    {
      "step": 12,
      "nonliteral_rate": 1.0,
      "structural_nonliteral_rate": 1.0,
      "genuine_correct_among_nonliteral": 0.2857142857142857,
      "overall_acc": 0.2857142857142857
    },
    {
      "step": 16,
      "nonliteral_rate": 1.0,
      "structural_nonliteral_rate": 1.0,
      "genuine_correct_among_nonliteral": 0.2857142857142857,
      "overall_acc": 0.2857142857142857
    }
  ],
  "main_terminal_step": 8,
  "main_hard_stop": null,
  "main_advantage_clamp_summary": {
    "clamp_value": 0.4,
    "engaged_count": 52,
    "total_count": 64,
    "engagement_rate": 0.8125
  },
  "main_milestones_summary": [
    {
      "step": 4,
      "nonliteral_rate": 1.0,
      "structural_nonliteral_rate": 1.0,
      "genuine_correct_among_nonliteral": 0.2857142857142857,
      "overall_acc": 0.2857142857142857
    },
    {
      "step": 8,
      "nonliteral_rate": 1.0,
      "structural_nonliteral_rate": 1.0,
      "genuine_correct_among_nonliteral": 0.2857142857142857,
      "overall_acc": 0.2857142857142857
    }
  ]
}

Evidence: /home/ubuntu/aisi_checkpoints/stage9d-sft-seeded-adversarial-rl-v5/stage9d_sft_seeded_adversarial_rl.json
STAGE 9D BASELINE + MAIN DRY RUN COMPLETE. No longer main run launched.
