Warning: You are sending unauthenticated requests to the HF Hub. Please set a HF_TOKEN to enable higher rate limits and faster downloads.
{'gpu': 'NVIDIA A10G', 'run_seed': 20260830, 'baseline_steps': 16, 'dryrun_steps': 8, 'transformers': '5.13.1', 'trl': '1.9.2', 'peft': '0.19.1', 'bitsandbytes': '0.50.0'}
===== IMPORTS =====
===== ADVANTAGE CLAMP: patching GRPOTrainer.compute_loss (design.md, advantage-clamp addendum) =====
{'advantage_clamp_value': 1.2, 'grubbs_max_advantage': 2.4748737341529163, 'clamp_below_theoretical_ceiling': True}
REWARD INVARIANT (checkpoint-independent by construction -- design.md section 2): {'baseline': {'margin_correct_over_wrong': 3.0, 'margin_wrong_over_malformed': 3.0}, 'main_adversarial': {'margin_correct_over_wrong': 0.7, 'margin_wrong_over_malformed': 0.6999999999999993}}
{'train_pool_n': 43, 'eval_n': 21, 'clean21_sha256_verified': True}
===== LOAD 3B BASE (once, shared across both runs) =====
{'stage9c_adapter_path': '/home/ubuntu/aisi_checkpoints/stage9c-sft-diagnostic-v1/final_adapter/adapter_model.safetensors', 'stage9c_adapter_sha256': 'c84afe0389487766463b74aba3559940b2e92d69c4915d32a5dee1c5ccc7609c'}
===== ZERO-STEP SANITY CHECK: does the freshly-loaded Stage 9c checkpoint reproduce its own reported ~100% held-out non-literal rate? =====
{'sanity_checkpoint_identity_sha256': 'e77bbbe26ddf8848ae9af83050b154ba0a236c70796512aebaa92267438ce9be', 'sanity_nonliteral_rate': 1.0, 'n': 21, 'matches_stage9c_report': True}
PASSED: checkpoint loads correctly and reproduces its own reported behavior before any Stage 9d training.
===== PHASE 1: BASELINE CONTROL (correctness-only, no p_cot/consistency/signal) =====
===== PHASE: baseline_correctness_only (16 steps) =====
{'run_label': 'baseline_correctness_only', 'loaded_checkpoint_identity_sha256': 'e77bbbe26ddf8848ae9af83050b154ba0a236c70796512aebaa92267438ce9be'}
{'loss': '-0.049', 'grad_norm': '44.25', 'learning_rate': '1e-07', 'num_tokens': '3352', 'completions/mean_length': '256', 'completions/min_length': '256', 'completions/max_length': '256', 'completions/clipped_ratio': '0.25', 'completions/mean_terminated_length': '256', 'completions/min_terminated_length': '256', 'completions/max_terminated_length': '256', 'rewards/diagnostic_reward/mean': '-1.062', 'rewards/diagnostic_reward/std': '3.812', 'reward': '-1.062', 'reward_std': '3.812', 'frac_reward_zero_std': '0', 'policy_loss': '0.001025', 'kl': '0', 'entropy': '1.144', 'clip_ratio/low_mean': '0', 'clip_ratio/high_mean': '0', 'clip_ratio/region_mean': '0', 'clip_ratio/low_min': '0', 'clip_ratio/high_max': '0', 'entropy_coef': '0.05', 'step_time': '55.3', 'epoch': '0.02326'}
{'loss': '-0.1515', 'grad_norm': '31.5', 'learning_rate': '3.25e-07', 'num_tokens': '6696', 'completions/mean_length': '256', 'completions/min_length': '256', 'completions/max_length': '256', 'completions/clipped_ratio': '0.125', 'completions/mean_terminated_length': '256', 'completions/min_terminated_length': '256', 'completions/max_terminated_length': '256', 'rewards/diagnostic_reward/mean': '1.438', 'rewards/diagnostic_reward/std': '3.659', 'reward': '1.438', 'reward_std': '3.659', 'frac_reward_zero_std': '0', 'policy_loss': '-0.01217', 'kl': '0.167', 'entropy': '1.082', 'clip_ratio/low_mean': '0', 'clip_ratio/high_mean': '0', 'clip_ratio/region_mean': '0', 'clip_ratio/low_min': '0', 'clip_ratio/high_max': '0', 'entropy_coef': '0.05', 'step_time': '55.55', 'epoch': '0.04651'}
{'loss': '-0.02742', 'grad_norm': '47.5', 'learning_rate': '5.5e-07', 'num_tokens': '9408', 'completions/mean_length': '180', 'completions/min_length': '180', 'completions/max_length': '180', 'completions/clipped_ratio': '0.125', 'completions/mean_terminated_length': '180', 'completions/min_terminated_length': '180', 'completions/max_terminated_length': '180', 'rewards/diagnostic_reward/mean': '-0.875', 'rewards/diagnostic_reward/std': '0.5175', 'reward': '-0.875', 'reward_std': '0.5175', 'frac_reward_zero_std': '0', 'policy_loss': '0.0006597', 'kl': '0.2011', 'entropy': '0.6539', 'clip_ratio/low_mean': '0', 'clip_ratio/high_mean': '0', 'clip_ratio/region_mean': '0', 'clip_ratio/low_min': '0', 'clip_ratio/high_max': '0', 'entropy_coef': '0.05', 'step_time': '41.26', 'epoch': '0.06977'}
[baseline_correctness_only] MILESTONE STEP 4: nonliteral_rate=1.000 structural_nonliteral_rate=1.000 genuine_correct_among_nonliteral=0.2857142857142857 overall_acc=0.286 taxonomy={'state_predictive_code': 14, 'correct_globally_consistent_code': 6, 'position_driven_drift': 1} token_drift_count=0
{'loss': '-0.06665', 'grad_norm': '16.25', 'learning_rate': '7.75e-07', 'num_tokens': '1.273e+04', 'completions/mean_length': '256', 'completions/min_length': '256', 'completions/max_length': '256', 'completions/clipped_ratio': '0.125', 'completions/mean_terminated_length': '256', 'completions/min_terminated_length': '256', 'completions/max_terminated_length': '256', 'rewards/diagnostic_reward/mean': '-0.75', 'rewards/diagnostic_reward/std': '2.171', 'reward': '-0.75', 'reward_std': '2.171', 'frac_reward_zero_std': '0', 'policy_loss': '-0.002383', 'kl': '0.243', 'entropy': '0.9517', 'clip_ratio/low_mean': '0', 'clip_ratio/high_mean': '0', 'clip_ratio/region_mean': '0', 'clip_ratio/low_min': '0', 'clip_ratio/high_max': '0', 'entropy_coef': '0.05', 'step_time': '55.87', 'epoch': '0.09302'}
{'loss': '-0.1373', 'grad_norm': '19.25', 'learning_rate': '1e-06', 'num_tokens': '1.523e+04', 'completions/mean_length': '151', 'completions/min_length': '151', 'completions/max_length': '151', 'completions/clipped_ratio': '0.125', 'completions/mean_terminated_length': '151', 'completions/min_terminated_length': '151', 'completions/max_terminated_length': '151', 'rewards/diagnostic_reward/mean': '3.75', 'rewards/diagnostic_reward/std': '0.4629', 'reward': '3.75', 'reward_std': '0.4629', 'frac_reward_zero_std': '0', 'policy_loss': '-0.01185', 'kl': '0.2532', 'entropy': '0.8487', 'clip_ratio/low_mean': '0', 'clip_ratio/high_mean': '0', 'clip_ratio/region_mean': '0', 'clip_ratio/low_min': '0', 'clip_ratio/high_max': '0', 'entropy_coef': '0.05', 'step_time': '35.16', 'epoch': '0.1163'}
{'loss': '-0.1593', 'grad_norm': '55', 'learning_rate': '1e-06', 'num_tokens': '1.857e+04', 'completions/mean_length': '256', 'completions/min_length': '256', 'completions/max_length': '256', 'completions/clipped_ratio': '0.125', 'completions/mean_terminated_length': '256', 'completions/min_terminated_length': '256', 'completions/max_terminated_length': '256', 'rewards/diagnostic_reward/mean': '1.812', 'rewards/diagnostic_reward/std': '3.664', 'reward': '1.812', 'reward_std': '3.664', 'frac_reward_zero_std': '0', 'policy_loss': '-0.01297', 'kl': '0.3196', 'entropy': '1.111', 'clip_ratio/low_mean': '0', 'clip_ratio/high_mean': '0', 'clip_ratio/region_mean': '0', 'clip_ratio/low_min': '0', 'clip_ratio/high_max': '0', 'entropy_coef': '0.05', 'step_time': '55.37', 'epoch': '0.1395'}
{'train_runtime': '313.9', 'train_samples_per_second': '0.408', 'train_steps_per_second': '0.051', 'train_loss': '-0.09852', 'epoch': '0.1395'}
===== PHASE 2: MAIN ADVERSARIAL DRY RUN (full Stage-1-equivalent reward, p_cot reinstated) =====
===== PHASE: main_adversarial_dryrun (8 steps) =====
{'run_label': 'main_adversarial_dryrun', 'loaded_checkpoint_identity_sha256': 'e77bbbe26ddf8848ae9af83050b154ba0a236c70796512aebaa92267438ce9be'}
{'loss': '-0.04913', 'grad_norm': '44.25', 'learning_rate': '1e-07', 'num_tokens': '3352', 'completions/mean_length': '256', 'completions/min_length': '256', 'completions/max_length': '256', 'completions/clipped_ratio': '0.25', 'completions/mean_terminated_length': '256', 'completions/min_terminated_length': '256', 'completions/max_terminated_length': '256', 'rewards/diagnostic_reward/mean': '-0.9875', 'rewards/diagnostic_reward/std': '3.876', 'reward': '-0.9875', 'reward_std': '3.876', 'frac_reward_zero_std': '0', 'policy_loss': '0.001008', 'kl': '0', 'entropy': '1.144', 'clip_ratio/low_mean': '0', 'clip_ratio/high_mean': '0', 'clip_ratio/region_mean': '0', 'clip_ratio/low_min': '0', 'clip_ratio/high_max': '0', 'entropy_coef': '0.05', 'step_time': '56.11', 'epoch': '0.02326'}
{'loss': '-0.141', 'grad_norm': '30.75', 'learning_rate': '3.25e-07', 'num_tokens': '6696', 'completions/mean_length': '256', 'completions/min_length': '256', 'completions/max_length': '256', 'completions/clipped_ratio': '0.125', 'completions/mean_terminated_length': '256', 'completions/min_terminated_length': '256', 'completions/max_terminated_length': '256', 'rewards/diagnostic_reward/mean': '1.315', 'rewards/diagnostic_reward/std': '3.751', 'reward': '1.315', 'reward_std': '3.751', 'frac_reward_zero_std': '0', 'policy_loss': '-0.01079', 'kl': '0.1845', 'entropy': '1.094', 'clip_ratio/low_mean': '0', 'clip_ratio/high_mean': '0', 'clip_ratio/region_mean': '0', 'clip_ratio/low_min': '0', 'clip_ratio/high_max': '0', 'entropy_coef': '0.05', 'step_time': '55.77', 'epoch': '0.04651'}
{'loss': '0.008592', 'grad_norm': '58.25', 'learning_rate': '5.5e-07', 'num_tokens': '1.002e+04', 'completions/mean_length': '256', 'completions/min_length': '256', 'completions/max_length': '256', 'completions/clipped_ratio': '0.375', 'completions/mean_terminated_length': '256', 'completions/min_terminated_length': '256', 'completions/max_terminated_length': '256', 'rewards/diagnostic_reward/mean': '-2.191', 'rewards/diagnostic_reward/std': '3.192', 'reward': '-2.191', 'reward_std': '3.192', 'frac_reward_zero_std': '0', 'policy_loss': '0.007636', 'kl': '0.1959', 'entropy': '1.05', 'clip_ratio/low_mean': '0', 'clip_ratio/high_mean': '0', 'clip_ratio/region_mean': '0', 'clip_ratio/low_min': '0', 'clip_ratio/high_max': '0', 'entropy_coef': '0.05', 'step_time': '55.52', 'epoch': '0.06977'}
{'train_runtime': '167.5', 'train_samples_per_second': '0.382', 'train_steps_per_second': '0.048', 'train_loss': '-0.06053', 'epoch': '0.06977'}
===== FINAL REPORT =====
{
  "baseline_terminal_step": 6,
  "baseline_hard_stop": {
    "step": 6,
    "grad_norm": 55.0,
    "kl": 0.3195518918801099
  },
  "baseline_advantage_clamp_summary": {
    "clamp_value": 1.2,
    "engaged_count": 13,
    "total_count": 48,
    "engagement_rate": 0.2708333333333333
  },
  "baseline_milestones_summary": [
    {
      "step": 4,
      "nonliteral_rate": 1.0,
      "structural_nonliteral_rate": 1.0,
      "genuine_correct_among_nonliteral": 0.2857142857142857,
      "overall_acc": 0.2857142857142857
    }
  ],
  "main_terminal_step": 3,
  "main_hard_stop": {
    "step": 3,
    "grad_norm": 58.25,
    "kl": 0.19592731352895498
  },
  "main_advantage_clamp_summary": {
    "clamp_value": 1.2,
    "engaged_count": 6,
    "total_count": 24,
    "engagement_rate": 0.25
  },
  "main_milestones_summary": []
}

Evidence: /home/ubuntu/aisi_checkpoints/stage9d-sft-seeded-adversarial-rl-v2/stage9d_sft_seeded_adversarial_rl.json
STAGE 9D BASELINE + MAIN DRY RUN COMPLETE. No longer main run launched.
